// Vitest Snapshot v1, https://vitest.dev/guide/snapshot.html

exports[`skills > /skills showall > page 0 1`] = `
{
  "data": {
    "attachments": [],
    "components": [
      {
        "components": [
          {
            "custom_id": "skills==3=prev",
            "label": "Prev",
            "style": 2,
            "type": 2,
          },
          {
            "custom_id": "_",
            "disabled": true,
            "label": "1/4",
            "style": 2,
            "type": 2,
          },
          {
            "custom_id": "skills==1=next",
            "label": "Next",
            "style": 2,
            "type": 2,
          },
        ],
        "type": 1,
      },
    ],
    "embeds": [
      {
        "description": "**Critical Hit** (2 Skill Points)
The art of performing the traditional critical hit.
1. _Crit Chance (15%)_
2. _Crit Damage (60%)_

**Speed Boost** (1 Skill Point)
Boost the speed of all party members (Not stackable)
1. _Boost by (10%)_

**Defense Boost** (1 Skill Point)
Boost the defense of all party members (Not stackable)
1. _Boost by (10%)_",
        "type": "rich",
      },
    ],
  },
  "type": 4,
}
`;

exports[`skills > all skills > snapshot 1`] = `
{
  "chain": {
    "activation": [Function],
    "categories": [
      "offensive",
    ],
    "cost": 10,
    "descKey": "~chain-desc",
    "key": "~chain",
    "max": 1,
    "stats": [
      {
        "key": "~chain-2-boost",
        "scale": [
          25,
        ],
        "suffix": "%",
      },
      {
        "key": "~chain-3-boost",
        "scale": [
          50,
        ],
        "suffix": "%",
      },
    ],
  },
  "crit": {
    "activation": [Function],
    "categories": [
      "offensive",
    ],
    "cost": 2,
    "descKey": "~crit-desc",
    "key": "~crit",
    "max": 3,
    "stats": [
      {
        "key": "~crit-chance",
        "scale": [
          0.5,
          5,
          15,
        ],
        "suffix": "%",
      },
      {
        "key": "~crit-damage",
        "scale": [
          30,
          45,
          60,
        ],
        "suffix": "%",
      },
    ],
  },
  "defense": {
    "categories": [
      "buff",
      "support",
    ],
    "cost": 1,
    "descKey": "~defense-boost-desc",
    "key": "~defense-boost",
    "max": Infinity,
    "stats": [
      {
        "factor": 1,
        "key": "~boost",
        "suffix": "%",
      },
    ],
  },
  "enrage": {
    "categories": [
      "buff",
      "offensive",
    ],
    "cost": 2,
    "descKey": "~enrage-desc",
    "key": "~enrage",
    "max": 3,
    "stats": [
      {
        "key": "~hp-remaining",
        "scale": [
          5,
          15,
          25,
        ],
        "suffix": "%",
      },
      {
        "key": "~boost",
        "scale": [
          15,
          25,
          50,
        ],
        "suffix": "%",
      },
    ],
  },
  "grab": {
    "categories": [
      "offensive",
    ],
    "cost": 5,
    "descKey": "~sneak-desc",
    "key": "~sneak",
    "max": 1,
    "stats": [],
  },
  "heal": {
    "activation": [Function],
    "categories": [
      "support",
      "heal",
    ],
    "cost": 2,
    "descKey": "~heal-desc",
    "key": "~heal",
    "max": 3,
    "stats": [
      {
        "key": "~heal-amount",
        "scale": [
          5,
          15,
          25,
        ],
        "suffix": "%",
      },
    ],
  },
  "lifesteal": {
    "activation": [Function],
    "categories": [
      "heal",
      "offensive",
    ],
    "cost": 2,
    "descKey": "~lifesteal-desc",
    "key": "~lifesteal",
    "max": 3,
    "stats": [
      {
        "key": "~lifesteal-amount",
        "scale": [
          10,
          25,
          50,
        ],
        "suffix": "%",
      },
    ],
  },
  "slow": {
    "categories": [
      "debuff",
      "support",
    ],
    "cost": 1,
    "descKey": "~slow-debuff-desc",
    "key": "~slow-debuff",
    "max": Infinity,
    "stats": [
      {
        "factor": 1,
        "key": "~boost",
        "suffix": "%",
      },
    ],
  },
  "speed": {
    "categories": [
      "buff",
      "support",
    ],
    "cost": 1,
    "descKey": "~speed-boost-desc",
    "key": "~speed-boost",
    "max": Infinity,
    "stats": [
      {
        "factor": 1,
        "key": "~boost",
        "suffix": "%",
      },
    ],
  },
  "stun": {
    "activation": [Function],
    "categories": [
      "offensive",
    ],
    "cost": 2,
    "descKey": "~stun-desc",
    "key": "~stun",
    "max": 3,
    "stats": [
      {
        "key": "~stun-chance",
        "scale": [
          5,
          15,
          80,
        ],
        "suffix": "%",
      },
    ],
  },
}
`;
